* ******************************************************************************

* iCEcube Report

* Version:            2020.12.27943

* Build Date:         Dec 10 2020 17:24:17

* File Generated:     Oct 29 2021 15:27:50

* Purpose:            General info of design implementation

* Copyright (C) 2006-2010 by Lattice Semiconductor Corp. All rights reserved.

* ******************************************************************************

Synthesis/Placement Summary:
----------------------------
    Status:  Successful
    Runtime: 1 seconds

Device Info:
------------
    Device Family: iCE40
    Device:        iCE40LP8K
    Package:       CM81

Design statistics:
------------------
    FFs:                  397
    LUTs:                 1138
    RAMs:                 0
    IOBs:                 5
    GBs:                  7
    PLLs:                 1
    Warm Boots:           0

Logic Resource Utilization:
---------------------------
    Total Logic Cells: 1141/7680
        Combinational Logic Cells: 744      out of   7680      9.6875%
        Sequential Logic Cells:    397      out of   7680      5.16927%
        Logic Tiles:               243      out of   960       25.3125%
    Registers: 
        Logic Registers:           397      out of   7680      5.16927%
        IO Registers:              0        out of   1280      0
    Block RAMs:                    0        out of   32        0%
    Warm Boots:                    0        out of   1         0%
    Pins:
        Input Pins:                1        out of   63        1.5873%
        Output Pins:               2        out of   63        3.1746%
        InOut Pins:                2        out of   63        3.1746%
    Global Buffers:                7        out of   8         87.5%
    PLLs:                          1        out of   1         100%

IO Bank Utilization:
--------------------
    Bank 3: 1        out of   18        5.55556%
    Bank 1: 0        out of   15        0%
    Bank 0: 4        out of   17        23.5294%
    Bank 2: 0        out of   13        0%

Detailed I/O Info:
------------------
    Input Pins: 
    Pin Number  Direction  IO Standard  Pull Up  IO Bank  IO Function                                Signal Name
    ----------  ---------  -----------  -------  -------  -----------                                -----------
    B2          Input      SB_LVCMOS    No       3        Simple Input                               clk     

    Output Pins: 
    Pin Number  Direction  IO Standard  Pull Up  IO Bank  IO Function                                Signal Name
    ----------  ---------  -----------  -------  -------  -----------                                -----------
    A3          Output     SB_LVCMOS    No       0        Simple Output                              usb_pu  
    B3          Output     SB_LVCMOS    No       0        Simple Output                              led     

    Inoutput Pins: 
    Pin Number  Direction  IO Standard  Pull Up  IO Bank  IO Function                                Signal Name
    ----------  ---------  -----------  -------  -------  -----------                                -----------
    A4          InOut      SB_LVCMOS    No       0        Simple Input Output Tristatable by Enable  usb_n   
    B4          InOut      SB_LVCMOS    No       0        Simple Input Output Tristatable by Enable  usb_p   

Detailed Global Buffer Info:
----------------------------
    Buffer Number  IO Bank  Driven By  Fanout  Signal Name                              
    -------------  -------  ---------  ------  -----------                              
    0              2                   24      clk_c_g                                  
    3              3                   56      u_usb_cdc.u_sie.clk_gate_0_i_g           
    1              0                   45      u_usb_cdc.u_ctrl_endp.clk_gate_g         
    7              1                   38      u_usb_cdc.u_bulk_endp.in_ready_q9_0_i_g  
    2              1                   324     u_usb_cdc.rstn_i_g                       
    4              0                   37      u_usb_cdc.rstn_sq_i_g_0                  
    5              2                   84      u_usb_cdc.bulk_out_ready_g               


Router Summary:
---------------
    Status:  Successful
    Runtime: 14 seconds

Routing Resource Utilization:
-----------------------------
              Local line of tile     8721 out of 146184      5.96577%
                          Span 4     2287 out of  29696      7.70137%
                         Span 12      356 out of   5632      6.32102%
                  Global network        8 out of      8      100%
      Vertical Inter-LUT Connect      246 out of   6720      3.66071%

