* ******************************************************************************

* iCEcube Report

* Version:            2020.12.27943

* Build Date:         Dec 10 2020 17:24:17

* File Generated:     Aug 28 2022 16:03:03

* Purpose:            General info of design implementation

* Copyright (C) 2006-2010 by Lattice Semiconductor Corp. All rights reserved.

* ******************************************************************************

Synthesis/Placement Summary:
----------------------------
    Status:  Successful
    Runtime: 2 seconds

Device Info:
------------
    Device Family: iCE40UP
    Device:        iCE40UP5K
    Package:       UWG30

Design statistics:
------------------
    FFs:                  532
    LUTs:                 1731
    RAMs:                 4
    IOBs:                 4
    GBs:                  7
    PLLs:                 0
    Warm Boots:           0
    SPIs:                 0
    I2Cs:                 0
    HFOSCs:               0
    LFOSCs:               0
    RGBA_DRVs:            1
    LEDDA_IPs:            0
    DSPs:                 0
    SPRAMs:               0
    FILTER_50NSs:         0

Logic Resource Utilization:
---------------------------
    Total Logic Cells: 1734/5280
        Combinational Logic Cells: 1202     out of   5280      22.7652%
        Sequential Logic Cells:    532      out of   5280      10.0758%
        Logic Tiles:               275      out of   660       41.6667%
    Registers: 
        Logic Registers:           532      out of   5280      10.0758%
        IO Registers:              0        out of   480       0
    Block RAMs:                    4        out of   30        13.3333%
    Warm Boots:                    0        out of   1         0%
    SPIs:                          0        out of   2         0%
    I2Cs:                          0        out of   2         0%
    HFOSCs:                        0        out of   1         0%
    LFOSCs:                        0        out of   1         0%
    RGBA_DRVs:                     1        out of   1         100%
    LEDDA_IPs:                     0        out of   1         0%
    DSPs:                          0        out of   8         0%
    SPRAMs:                        0        out of   4         0%
    FILTER_50NSs:                  0        out of   2         0%
    Pins:
        Input Pins:                1        out of   21        4.7619%
        Output Pins:               1        out of   21        4.7619%
        InOut Pins:                2        out of   21        9.52381%
    Global Buffers:                7        out of   8         87.5%
    PLLs:                          0        out of   1         0%

IO Bank Utilization:
--------------------
    Bank 3: 0        out of   0         0%
    Bank 1: 0        out of   0         0%
    Bank 0: 3        out of   7         42.8571%
    Bank 2: 1        out of   14        7.14286%

Detailed I/O Info:
------------------
    Input Pins: 
    Pin Number  Direction  IO Standard  Pull Up  IO Bank  IO Function                                Signal Name
    ----------  ---------  -----------  -------  -------  -----------                                -----------
    F4          Input      SB_LVCMOS    No       2        Simple Input                               clki       

    Output Pins: 
    Pin Number  Direction  IO Standard  Pull Up  IO Bank  IO Function                                Signal Name
    ----------  ---------  -----------  -------  -------  -----------                                -----------
    A4          Output     SB_LVCMOS    No       0        Output Tristatable by Enable               usb_dp_pu  

    Inoutput Pins: 
    Pin Number  Direction  IO Standard  Pull Up  IO Bank  IO Function                                Signal Name
    ----------  ---------  -----------  -------  -------  -----------                                -----------
    A1          InOut      SB_LVCMOS    No       0        Simple Input Output Tristatable by Enable  usb_dp     
    A2          InOut      SB_LVCMOS    No       0        Simple Input Output Tristatable by Enable  usb_dn     

Detailed Global Buffer Info:
----------------------------
    Buffer Number  IO Bank  Driven By  Fanout  Signal Name                            
    -------------  -------  ---------  ------  -----------                            
    5              2                   56      u_usb_cdc.u_sie.clk_gate_0_i_g         
    3              0                   39      u_usb_cdc.clk_gate_g                   
    1              0                   47      u_usb_cdc.u_ctrl_endp.N_52_g           
    7              2                   84      u_usb_cdc.u_bulk_endp.out_ready_i_1_g  
    4              0                   325     u_usb_cdc.N_1149_1_g                   
    2              0                   379     clk                                    
    6              2                   160     clk_12mhz_g                            


Router Summary:
---------------
    Status:  Successful
    Runtime: 14 seconds

Routing Resource Utilization:
-----------------------------
              Local line of tile    12920 out of 110555      11.6865%
                          Span 4     2994 out of  23008      13.0129%
                         Span 12      380 out of   4464      8.51254%
                  Global network        7 out of      8      87.5%
      Vertical Inter-LUT Connect      483 out of   4620      10.4545%

