
icetime topological timing analysis report
==========================================

Info: max_span_hack is enabled: estimate is conservative.

Report for critical path:
-------------------------

        lc40_10_3_5 (LogicCell40) [clk] -> lcout: 1.491 ns
     1.491 ns net_37707 (u_usb_cdc.endp[3])
        t3043 (LocalMux) I -> O: 1.099 ns
        inmux_10_3_41587_41619 (InMux) I -> O: 0.662 ns
        lc40_10_3_2 (LogicCell40) in0 -> lcout: 1.285 ns
     4.537 ns net_37704 (u_usb_cdc.u_sie.in_data_ack_q_SB_DFFER_Q_D_SB_LUT4_O_I2_SB_LUT4_O_1_I3[2])
        odrv_10_3_37704_41674 (Odrv4) I -> O: 0.649 ns
        t3051 (Span4Mux_v4) I -> O: 0.649 ns
        t3050 (LocalMux) I -> O: 1.099 ns
        inmux_9_7_38253_38299 (InMux) I -> O: 0.662 ns
        lc40_9_7_5 (LogicCell40) in1 -> lcout: 1.232 ns
     8.828 ns net_34368 (u_usb_cdc.u_ctrl_endp.class_q_SB_LUT4_I3_O_SB_LUT4_O_I3_SB_LUT4_O_I3_SB_LUT4_I0_O_SB_LUT4_O_I1[3])
        t2852 (LocalMux) I -> O: 1.099 ns
        inmux_8_8_34532_34585 (InMux) I -> O: 0.662 ns
        lc40_8_8_4 (LogicCell40) in1 -> lcout: 1.232 ns
    11.821 ns net_30659 (u_usb_cdc.u_sie.phy_state_q_SB_DFFR_Q_7_D_SB_LUT4_O_I1_SB_LUT4_I2_1_O_SB_LUT4_O_I2_SB_LUT4_I3_O_SB_LUT4_I2_O_SB_LUT4_I2_O_SB_LUT4_O_2_I0[3])
        odrv_8_8_30659_27421 (Odrv4) I -> O: 0.649 ns
        t2703 (Span4Mux_h4) I -> O: 0.543 ns
        t2702 (LocalMux) I -> O: 1.099 ns
        inmux_12_8_49878_49927 (InMux) I -> O: 0.662 ns
        lc40_12_8_7 (LogicCell40) in1 -> lcout: 1.232 ns
    16.007 ns net_45986 (u_usb_cdc.u_sie.phy_state_q_SB_DFFR_Q_4_D_SB_LUT4_O_I3[0])
        t4053 (LocalMux) I -> O: 1.099 ns
        inmux_11_7_45928_45961 (InMux) I -> O: 0.662 ns
        lc40_11_7_5 (LogicCell40) in1 -> lcout: 1.232 ns
    19.000 ns net_42030 (u_usb_cdc.u_sie.in_req_q_SB_LUT4_I3_2_O[0])
        odrv_11_7_42030_42178 (Odrv4) I -> O: 0.649 ns
        t3622 (LocalMux) I -> O: 1.099 ns
        inmux_10_9_42338_42377 (InMux) I -> O: 0.662 ns
        t603 (CascadeMux) I -> O: 0.000 ns
        lc40_10_9_5 (LogicCell40) in2 -> lcout: 1.205 ns
    22.616 ns net_38445 (u_usb_cdc.u_ctrl_endp.class_q_SB_LUT4_I3_O_SB_LUT4_O_2_I3[0])
        t3161 (LocalMux) I -> O: 1.099 ns
        inmux_11_10_46287_46312 (InMux) I -> O: 0.662 ns
        lc40_11_10_2 (LogicCell40) in1 -> lcout: 1.232 ns
    25.609 ns net_42396 (u_usb_cdc.u_ctrl_endp.state_q_SB_DFFR_Q_4_D_SB_LUT4_O_I1_SB_LUT4_O_I3_SB_LUT4_I3_1_O[0])
        t3687 (LocalMux) I -> O: 1.099 ns
        inmux_10_9_42330_42359 (InMux) I -> O: 0.662 ns
        t600 (CascadeMux) I -> O: 0.000 ns
        lc40_10_9_2 (LogicCell40) in2 -> lcout: 1.205 ns
    28.576 ns net_38442 (u_usb_cdc.u_ctrl_endp.state_q_SB_DFFR_Q_3_D_SB_LUT4_O_I3[1])
        t3150 (LocalMux) I -> O: 1.099 ns
        inmux_11_9_46145_46188 (InMux) I -> O: 0.662 ns
        lc40_11_9_2 (LogicCell40) in0 -> lcout: 1.285 ns
    31.622 ns net_42273 (u_usb_cdc.u_ctrl_endp.state_q_SB_DFFS_Q_D_SB_LUT4_O_I0_SB_LUT4_O_I3_SB_LUT4_I3_O_SB_LUT4_I3_O_SB_LUT4_I2_O[3])
        odrv_11_9_42273_34745 (Odrv4) I -> O: 0.649 ns
        t3676 (LocalMux) I -> O: 1.099 ns
        inmux_8_9_34659_34707 (InMux) I -> O: 0.662 ns
        lc40_8_9_4 (LogicCell40) in0 -> lcout: 1.285 ns
    35.317 ns net_30782 (u_usb_cdc.u_ctrl_endp.dev_state_q_SB_DFFES_Q_E_SB_LUT4_O_I2[3])
        t2723 (LocalMux) I -> O: 1.099 ns
        inmux_8_9_34662_34686 (InMux) I -> O: 0.662 ns
        lc40_8_9_0 (LogicCell40) in3 -> lcout: 0.874 ns
    37.953 ns net_30778 (u_usb_cdc.u_ctrl_endp.dev_state_q_SB_DFFES_Q_E)
        odrv_8_9_30778_20047 (Odrv12) I -> O: 1.232 ns
        t2724 (LocalMux) I -> O: 1.099 ns
        inmux_9_9_38492_38560 (CEMux) I -> O: 0.702 ns
    40.986 ns net_38560 (u_usb_cdc.u_ctrl_endp.dev_state_q_SB_DFFES_Q_E)
        lc40_9_9_4 (LogicCell40) ce [setup]: 0.000 ns
    40.986 ns net_34613 (u_usb_cdc.u_ctrl_endp.dev_state_q[1])

Resolvable net names on path:
     1.491 ns ..  3.252 ns u_usb_cdc.endp[3]
     4.537 ns ..  7.596 ns u_usb_cdc.u_sie.in_data_ack_q_SB_DFFER_Q_D_SB_LUT4_O_I2_SB_LUT4_O_1_I3[2]
     8.828 ns .. 10.590 ns u_usb_cdc.u_ctrl_endp.class_q_SB_LUT4_I3_O_SB_LUT4_O_I3_SB_LUT4_O_I3_SB_LUT4_I0_O_SB_LUT4_O_I1[3]
    11.821 ns .. 14.775 ns u_usb_cdc.u_sie.phy_state_q_SB_DFFR_Q_7_D_SB_LUT4_O_I1_SB_LUT4_I2_1_O_SB_LUT4_O_I2_SB_LUT4_I3_O_SB_LUT4_I2_O_SB_LUT4_I2_O_SB_LUT4_O_2_I0[3]
    16.007 ns .. 17.768 ns u_usb_cdc.u_sie.phy_state_q_SB_DFFR_Q_4_D_SB_LUT4_O_I3[0]
    19.000 ns .. 21.410 ns u_usb_cdc.u_sie.in_req_q_SB_LUT4_I3_2_O[0]
    22.616 ns .. 24.377 ns u_usb_cdc.u_ctrl_endp.class_q_SB_LUT4_I3_O_SB_LUT4_O_2_I3[0]
    25.609 ns .. 27.371 ns u_usb_cdc.u_ctrl_endp.state_q_SB_DFFR_Q_4_D_SB_LUT4_O_I1_SB_LUT4_O_I3_SB_LUT4_I3_1_O[0]
    28.576 ns .. 30.337 ns u_usb_cdc.u_ctrl_endp.state_q_SB_DFFR_Q_3_D_SB_LUT4_O_I3[1]
    31.622 ns .. 34.033 ns u_usb_cdc.u_ctrl_endp.state_q_SB_DFFS_Q_D_SB_LUT4_O_I0_SB_LUT4_O_I3_SB_LUT4_I3_O_SB_LUT4_I3_O_SB_LUT4_I2_O[3]
    35.317 ns .. 37.079 ns u_usb_cdc.u_ctrl_endp.dev_state_q_SB_DFFES_Q_E_SB_LUT4_O_I2[3]
    37.953 ns .. 40.986 ns u_usb_cdc.u_ctrl_endp.dev_state_q_SB_DFFES_Q_E
                  lcout -> u_usb_cdc.u_ctrl_endp.dev_state_q[1]

Total number of logic levels: 12
Total path delay: 40.99 ns (24.40 MHz)

