
icetime topological timing analysis report
==========================================

Info: max_span_hack is enabled: estimate is conservative.

Report for critical path:
-------------------------

        lc40_6_17_2 (LogicCell40) [clk] -> lcout: 0.896 ns
     0.896 ns net_22463 (u_usb_cdc.u_ctrl_endp.max_length_q[4])
        odrv_6_17_22463_26448 (Odrv4) I -> O: 0.548 ns
        t2646 (Span4Mux_v4) I -> O: 0.548 ns
        t2645 (LocalMux) I -> O: 0.486 ns
        inmux_6_22_27210_27253 (InMux) I -> O: 0.382 ns
        t593 (CascadeMux) I -> O: 0.000 ns
        lc40_6_22_4 (LogicCell40) in2 -> lcout: 0.558 ns
     3.418 ns net_23080 (u_usb_cdc.u_bulk_endp.in_valid_q_SB_LUT4_I3_O_SB_LUT4_O_2_I0_SB_LUT4_O_2_I2[2])
        odrv_6_22_23080_27298 (Odrv4) I -> O: 0.548 ns
        t2772 (LocalMux) I -> O: 0.486 ns
        inmux_6_22_27194_27263 (InMux) I -> O: 0.382 ns
        lc40_6_22_6 (LogicCell40) in0 -> lcout: 0.662 ns
     5.496 ns net_23082 (u_usb_cdc.u_bulk_endp.in_valid_q_SB_LUT4_I3_O_SB_LUT4_O_2_I0[2])
        t2756 (LocalMux) I -> O: 0.486 ns
        inmux_7_22_31277_31349 (InMux) I -> O: 0.382 ns
        lc40_7_22_7 (LogicCell40) in3 -> lcout: 0.465 ns
     6.829 ns net_27160 (u_usb_cdc.u_bulk_endp.in_valid_q_SB_LUT4_I3_O[0])
        t3085 (LocalMux) I -> O: 0.486 ns
        inmux_6_23_27332_27362 (InMux) I -> O: 0.382 ns
        lc40_6_23_2 (LogicCell40) in0 -> lcout: 0.662 ns
     8.359 ns net_23201 (u_usb_cdc.ctrl_stall_SB_LUT4_I3_1_O_SB_LUT4_I2_O[2])
        t2794 (LocalMux) I -> O: 0.486 ns
        inmux_7_24_31543_31570 (InMux) I -> O: 0.382 ns
        t696 (CascadeMux) I -> O: 0.000 ns
        lc40_7_24_3 (LogicCell40) in2 -> lcout: 0.558 ns
     9.786 ns net_27402 (u_usb_cdc.u_sie.clk_gate_SB_LUT4_O_I2_SB_LUT4_I3_O[0])
        t3151 (LocalMux) I -> O: 0.486 ns
        inmux_7_24_31520_31553 (InMux) I -> O: 0.382 ns
        lc40_7_24_0 (LogicCell40) in3 -> lcout: 0.465 ns
    11.119 ns net_27399 (u_usb_cdc.ctrl_stall_SB_LUT4_I3_O_SB_LUT4_O_1_I3[0])
        odrv_7_24_27399_27178 (Odrv4) I -> O: 0.548 ns
        t3161 (Span4Mux_v4) I -> O: 0.548 ns
        t3160 (LocalMux) I -> O: 0.486 ns
        inmux_6_19_26846_26866 (InMux) I -> O: 0.382 ns
        t572 (CascadeMux) I -> O: 0.000 ns
        lc40_6_19_1 (LogicCell40) in2 -> lcout: 0.558 ns
    13.641 ns net_22708 (u_usb_cdc.ctrl_stall_SB_LUT4_I3_O[1])
        t2682 (LocalMux) I -> O: 0.486 ns
        inmux_6_18_26711_26771 (InMux) I -> O: 0.382 ns
        lc40_6_18_6 (LogicCell40) in0 -> lcout: 0.662 ns
    15.171 ns net_22590 (u_usb_cdc.u_bulk_endp.in_valid_q_SB_LUT4_I3_O_SB_LUT4_O_I3_SB_LUT4_I2_I3_SB_LUT4_I3_O[3])
        odrv_6_18_22590_22720 (Odrv4) I -> O: 0.548 ns
        t2678 (Span4Mux_v4) I -> O: 0.548 ns
        t2677 (LocalMux) I -> O: 0.486 ns
        inmux_9_17_38149_38212 (InMux) I -> O: 0.382 ns
        lc40_9_17_7 (LogicCell40) in0 -> lcout: 0.662 ns
    17.797 ns net_34332 (u_usb_cdc.u_ctrl_endp.addr_q_SB_DFFER_Q_E)
        odrv_9_17_34332_34279 (Odrv4) I -> O: 0.548 ns
        t3445 (LocalMux) I -> O: 0.486 ns
        inmux_9_16_38041_38093 (CEMux) I -> O: 0.889 ns
    19.719 ns net_38093 (u_usb_cdc.u_ctrl_endp.addr_q_SB_DFFER_Q_E)
        lc40_9_16_7 (LogicCell40) ce [setup]: 0.000 ns
    19.719 ns net_34230 (u_usb_cdc.u_ctrl_endp.addr_q[0])

Resolvable net names on path:
     0.896 ns ..  2.860 ns u_usb_cdc.u_ctrl_endp.max_length_q[4]
     3.418 ns ..  4.834 ns u_usb_cdc.u_bulk_endp.in_valid_q_SB_LUT4_I3_O_SB_LUT4_O_2_I0_SB_LUT4_O_2_I2[2]
     5.496 ns ..  6.364 ns u_usb_cdc.u_bulk_endp.in_valid_q_SB_LUT4_I3_O_SB_LUT4_O_2_I0[2]
     6.829 ns ..  7.698 ns u_usb_cdc.u_bulk_endp.in_valid_q_SB_LUT4_I3_O[0]
     8.359 ns ..  9.227 ns u_usb_cdc.ctrl_stall_SB_LUT4_I3_1_O_SB_LUT4_I2_O[2]
     9.786 ns .. 10.654 ns u_usb_cdc.u_sie.clk_gate_SB_LUT4_O_I2_SB_LUT4_I3_O[0]
    11.119 ns .. 13.083 ns u_usb_cdc.ctrl_stall_SB_LUT4_I3_O_SB_LUT4_O_1_I3[0]
    13.641 ns .. 14.510 ns u_usb_cdc.ctrl_stall_SB_LUT4_I3_O[1]
    15.171 ns .. 17.135 ns u_usb_cdc.u_bulk_endp.in_valid_q_SB_LUT4_I3_O_SB_LUT4_O_I3_SB_LUT4_I2_I3_SB_LUT4_I3_O[3]
    17.797 ns .. 19.719 ns u_usb_cdc.u_ctrl_endp.addr_q_SB_DFFER_Q_E
                  lcout -> u_usb_cdc.u_ctrl_endp.addr_q[0]

Total number of logic levels: 10
Total path delay: 19.72 ns (50.71 MHz)

