
icetime topological timing analysis report
==========================================

Info: max_span_hack is enabled: estimate is conservative.

Report for critical path:
-------------------------

        lc40_5_21_3 (LogicCell40) [clk] -> lcout: 1.491 ns
     1.491 ns net_21395 (u_usb_cdc.out_data[3])
        odrv_5_21_21395_25135 (Odrv4) I -> O: 0.649 ns
        t2543 (Span4Mux_v4) I -> O: 0.649 ns
        t2542 (Span4Mux_h4) I -> O: 0.543 ns
        t2541 (LocalMux) I -> O: 1.099 ns
        inmux_7_14_31446_31468 (InMux) I -> O: 0.662 ns
        lc40_7_14_0 (LogicCell40) in1 -> lcout: 1.232 ns
     6.325 ns net_27889 (u_usb_cdc.u_ctrl_endp.req_q_SB_DFFER_Q_D_SB_LUT4_O_3_I1_SB_LUT4_O_1_I2_SB_LUT4_O_1_I0_SB_LUT4_I3_O_SB_LUT4_I1_O_SB_LUT4_O_I3[2])
        t2855 (LocalMux) I -> O: 1.099 ns
        inmux_7_13_31311_31351 (InMux) I -> O: 0.662 ns
        lc40_7_13_1 (LogicCell40) in1 -> lcout: 1.232 ns
     9.318 ns net_27788 (u_usb_cdc.u_ctrl_endp.req_q_SB_DFFER_Q_D_SB_LUT4_O_2_I0_SB_LUT4_O_1_I2_SB_LUT4_O_I3[2])
        t2850 (LocalMux) I -> O: 1.099 ns
        inmux_8_13_35151_35199 (InMux) I -> O: 0.662 ns
        lc40_8_13_4 (LogicCell40) in0 -> lcout: 1.285 ns
    12.364 ns net_31274 (u_usb_cdc.u_ctrl_endp.dev_state_q_SB_DFFER_Q_E_SB_LUT4_O_I2[1])
        t3195 (LocalMux) I -> O: 1.099 ns
        inmux_8_13_35162_35208 (InMux) I -> O: 0.662 ns
        lc40_8_13_5 (LogicCell40) in3 -> lcout: 0.874 ns
    15.000 ns net_31275 (u_usb_cdc.u_ctrl_endp.req_q_SB_DFFER_Q_D_SB_LUT4_O_3_I2_SB_LUT4_O_I2_SB_LUT4_I1_O[0])
        t3196 (LocalMux) I -> O: 1.099 ns
        inmux_8_13_35171_35189 (InMux) I -> O: 0.662 ns
        t662 (CascadeMux) I -> O: 0.000 ns
        lc40_8_13_2 (LogicCell40) in2 -> lcout: 1.205 ns
    17.967 ns net_31272 (u_usb_cdc.u_ctrl_endp.req_q_SB_DFFER_Q_D_SB_LUT4_O_3_I1_SB_LUT4_O_1_I2_SB_LUT4_O_1_I0_SB_LUT4_I3_O[2])
        odrv_8_13_31272_31416 (Odrv4) I -> O: 0.649 ns
        t3200 (LocalMux) I -> O: 1.099 ns
        inmux_9_13_38990_39026 (InMux) I -> O: 0.662 ns
        t768 (CascadeMux) I -> O: 0.000 ns
        lc40_9_13_3 (LogicCell40) in2 -> lcout: 1.205 ns
    21.583 ns net_35104 (u_usb_cdc.u_sie.data_d_SB_LUT4_O_13_I0_SB_LUT4_O_I2_SB_LUT4_O_I0_SB_LUT4_I1_I2_SB_LUT4_I3_O[3])
        t3777 (LocalMux) I -> O: 1.099 ns
        inmux_10_13_42815_42873 (InMux) I -> O: 0.662 ns
        lc40_10_13_6 (LogicCell40) in0 -> lcout: 1.285 ns
    24.629 ns net_38938 (u_usb_cdc.u_ctrl_endp.dev_state_q_SB_DFFER_Q_E_SB_LUT4_O_I2_SB_LUT4_I0_I1[2])
        t4187 (LocalMux) I -> O: 1.099 ns
        inmux_10_14_42941_42999 (InMux) I -> O: 0.662 ns
        lc40_10_14_6 (LogicCell40) in3 -> lcout: 0.874 ns
    27.265 ns net_39061 (u_usb_cdc.u_ctrl_endp.dev_state_q_SB_DFFER_Q_E_SB_LUT4_O_I2_SB_LUT4_I0_O[3])
        t4200 (LocalMux) I -> O: 1.099 ns
        inmux_10_14_42957_42966 (InMux) I -> O: 0.662 ns
        lc40_10_14_1 (LogicCell40) in0 -> lcout: 1.285 ns
    30.311 ns net_39056 (u_usb_cdc.u_ctrl_endp.req_q_SB_DFFER_Q_E)
        odrv_10_14_39056_39199 (Odrv4) I -> O: 0.649 ns
        t4203 (Span4Mux_v4) I -> O: 0.649 ns
        t4202 (LocalMux) I -> O: 1.099 ns
        inmux_9_13_38975_39052 (CEMux) I -> O: 0.702 ns
    33.410 ns net_39052 (u_usb_cdc.u_ctrl_endp.req_q_SB_DFFER_Q_E)
        lc40_9_13_6 (LogicCell40) ce [setup]: 0.000 ns
    33.410 ns net_35107 (u_usb_cdc.u_ctrl_endp.req_q[3])

Resolvable net names on path:
     1.491 ns ..  5.093 ns u_usb_cdc.out_data[3]
     6.325 ns ..  8.086 ns u_usb_cdc.u_ctrl_endp.req_q_SB_DFFER_Q_D_SB_LUT4_O_3_I1_SB_LUT4_O_1_I2_SB_LUT4_O_1_I0_SB_LUT4_I3_O_SB_LUT4_I1_O_SB_LUT4_O_I3[2]
     9.318 ns .. 11.080 ns u_usb_cdc.u_ctrl_endp.req_q_SB_DFFER_Q_D_SB_LUT4_O_2_I0_SB_LUT4_O_1_I2_SB_LUT4_O_I3[2]
    12.364 ns .. 14.126 ns u_usb_cdc.u_ctrl_endp.dev_state_q_SB_DFFER_Q_E_SB_LUT4_O_I2[1]
    15.000 ns .. 16.762 ns u_usb_cdc.u_ctrl_endp.req_q_SB_DFFER_Q_D_SB_LUT4_O_3_I2_SB_LUT4_O_I2_SB_LUT4_I1_O[0]
    17.967 ns .. 20.377 ns u_usb_cdc.u_ctrl_endp.req_q_SB_DFFER_Q_D_SB_LUT4_O_3_I1_SB_LUT4_O_1_I2_SB_LUT4_O_1_I0_SB_LUT4_I3_O[2]
    21.583 ns .. 23.344 ns u_usb_cdc.u_sie.data_d_SB_LUT4_O_13_I0_SB_LUT4_O_I2_SB_LUT4_O_I0_SB_LUT4_I1_I2_SB_LUT4_I3_O[3]
    24.629 ns .. 26.390 ns u_usb_cdc.u_ctrl_endp.dev_state_q_SB_DFFER_Q_E_SB_LUT4_O_I2_SB_LUT4_I0_I1[2]
    27.265 ns .. 29.026 ns u_usb_cdc.u_ctrl_endp.dev_state_q_SB_DFFER_Q_E_SB_LUT4_O_I2_SB_LUT4_I0_O[3]
    30.311 ns .. 33.410 ns u_usb_cdc.u_ctrl_endp.req_q_SB_DFFER_Q_E
                  lcout -> u_usb_cdc.u_ctrl_endp.req_q[3]

Total number of logic levels: 10
Total path delay: 33.41 ns (29.93 MHz)

