
icetime topological timing analysis report
==========================================

Info: max_span_hack is enabled: estimate is conservative.

Report for critical path:
-------------------------

        lc40_2_19_5 (LogicCell40) [clk] -> lcout: 0.896 ns
     0.896 ns net_6223 (u_usb_cdc.endp[1])
        t3009 (LocalMux) I -> O: 0.486 ns
        inmux_2_20_10653_10709 (InMux) I -> O: 0.382 ns
        lc40_2_20_6 (LogicCell40) in0 -> lcout: 0.662 ns
     2.426 ns net_6359 (u_usb_cdc.u_sie.in_req_q_SB_DFFER_Q_D_SB_LUT4_O_I3_SB_LUT4_I3_O_SB_LUT4_O_I2_SB_LUT4_O_I3[0])
        odrv_2_20_6359_10755 (Odrv4) I -> O: 0.548 ns
        t3033 (Span4Mux_v4) I -> O: 0.548 ns
        t3032 (LocalMux) I -> O: 0.486 ns
        inmux_3_26_15468_15512 (InMux) I -> O: 0.382 ns
        lc40_3_26_4 (LogicCell40) in0 -> lcout: 0.662 ns
     5.051 ns net_11341 (u_usb_cdc.u_sie.pid_q_SB_DFFER_Q_D_SB_LUT4_O_I1[3])
        t3879 (LocalMux) I -> O: 0.486 ns
        inmux_4_27_19675_19697 (InMux) I -> O: 0.382 ns
        lc40_4_27_1 (LogicCell40) in3 -> lcout: 0.465 ns
     6.385 ns net_15538 (u_usb_cdc.u_sie.in_req_q_SB_DFFER_Q_D_SB_LUT4_O_I3[0])
        odrv_4_27_15538_18394 (Odrv12) I -> O: 0.796 ns
        t4743 (Sp12to4) I -> O: 0.662 ns
        t4742 (LocalMux) I -> O: 0.486 ns
        inmux_3_16_14255_14271 (InMux) I -> O: 0.382 ns
        lc40_3_16_2 (LogicCell40) in1 -> lcout: 0.589 ns
     9.300 ns net_10109 (u_usb_cdc.u_sie.u_phy_rx.rx_eop_qq_SB_LUT4_I3_I0_SB_LUT4_I3_O[2])
        t3585 (LocalMux) I -> O: 0.486 ns
        inmux_3_15_14112_14138 (InMux) I -> O: 0.382 ns
        lc40_3_15_0 (LogicCell40) in3 -> lcout: 0.465 ns
    10.633 ns net_9984 (u_usb_cdc.u_sie.u_phy_rx.rx_eop_qq_SB_LUT4_I3_I0_SB_LUT4_I3_O_SB_LUT4_I2_O[1])
        odrv_3_15_9984_12719 (Odrv12) I -> O: 0.796 ns
        t3559 (LocalMux) I -> O: 0.486 ns
        inmux_3_8_13272_13274 (InMux) I -> O: 0.382 ns
        lc40_3_8_0 (LogicCell40) in0 -> lcout: 0.662 ns
    12.959 ns net_9123 (u_usb_cdc.ctrl_stall_SB_DFFR_Q_D_SB_LUT4_O_I3_SB_LUT4_O_I3[0])
        t3392 (LocalMux) I -> O: 0.486 ns
        inmux_3_9_13372_13405 (InMux) I -> O: 0.382 ns
        t352 (CascadeMux) I -> O: 0.000 ns
        lc40_3_9_1 (LogicCell40) in2 -> lcout: 0.558 ns
    14.386 ns net_9247 (u_usb_cdc.ctrl_stall_SB_DFFR_Q_D_SB_LUT4_O_I1[1])
        odrv_3_9_9247_9027 (Odrv4) I -> O: 0.548 ns
        t3442 (LocalMux) I -> O: 0.486 ns
        inmux_2_6_8941_8952 (InMux) I -> O: 0.382 ns
        lc40_2_6_0 (LogicCell40) in1 -> lcout: 0.589 ns
    16.391 ns net_4463 (u_usb_cdc.u_ctrl_endp.req_q_SB_DFFR_Q_5_D_SB_LUT4_O_I0_SB_LUT4_O_1_I3_SB_LUT4_O_I3[2])
        t2662 (LocalMux) I -> O: 0.486 ns
        inmux_3_5_12888_12929 (InMux) I -> O: 0.382 ns
        lc40_3_5_4 (LogicCell40) in0 -> lcout: 0.662 ns
    17.921 ns net_8758 (u_usb_cdc.u_ctrl_endp.req_q_SB_DFFR_Q_6_D_SB_LUT4_O_I1_SB_LUT4_O_1_I1[2])
        t3351 (LocalMux) I -> O: 0.486 ns
        inmux_3_4_12761_12802 (InMux) I -> O: 0.382 ns
        t320 (CascadeMux) I -> O: 0.000 ns
        lc40_3_4_3 (LogicCell40) in2 -> lcout: 0.558 ns
    19.347 ns net_8634 (u_usb_cdc.u_ctrl_endp.req_q_SB_DFFR_Q_6_D_SB_LUT4_O_I1[0])
        t3335 (LocalMux) I -> O: 0.486 ns
        inmux_2_4_8691_8711 (InMux) I -> O: 0.382 ns
    20.216 ns net_8711 (u_usb_cdc.u_ctrl_endp.req_q_SB_DFFR_Q_6_D_SB_LUT4_O_I1[0])
        lc40_2_4_1 (LogicCell40) in0 [setup]: 0.589 ns
    20.805 ns net_4194 (u_usb_cdc.u_ctrl_endp.class_q_SB_LUT4_I1_O_SB_LUT4_O_I1_SB_LUT4_O_I2_SB_LUT4_O_I2[1])

Resolvable net names on path:
     0.896 ns ..  1.764 ns u_usb_cdc.endp[1]
     2.426 ns ..  4.390 ns u_usb_cdc.u_sie.in_req_q_SB_DFFER_Q_D_SB_LUT4_O_I3_SB_LUT4_I3_O_SB_LUT4_O_I2_SB_LUT4_O_I3[0]
     5.051 ns ..  5.920 ns u_usb_cdc.u_sie.pid_q_SB_DFFER_Q_D_SB_LUT4_O_I1[3]
     6.385 ns ..  8.711 ns u_usb_cdc.u_sie.in_req_q_SB_DFFER_Q_D_SB_LUT4_O_I3[0]
     9.300 ns .. 10.168 ns u_usb_cdc.u_sie.u_phy_rx.rx_eop_qq_SB_LUT4_I3_I0_SB_LUT4_I3_O[2]
    10.633 ns .. 12.298 ns u_usb_cdc.u_sie.u_phy_rx.rx_eop_qq_SB_LUT4_I3_I0_SB_LUT4_I3_O_SB_LUT4_I2_O[1]
    12.959 ns .. 13.827 ns u_usb_cdc.ctrl_stall_SB_DFFR_Q_D_SB_LUT4_O_I3_SB_LUT4_O_I3[0]
    14.386 ns .. 15.802 ns u_usb_cdc.ctrl_stall_SB_DFFR_Q_D_SB_LUT4_O_I1[1]
    16.391 ns .. 17.259 ns u_usb_cdc.u_ctrl_endp.req_q_SB_DFFR_Q_5_D_SB_LUT4_O_I0_SB_LUT4_O_1_I3_SB_LUT4_O_I3[2]
    17.921 ns .. 18.789 ns u_usb_cdc.u_ctrl_endp.req_q_SB_DFFR_Q_6_D_SB_LUT4_O_I1_SB_LUT4_O_1_I1[2]
    19.347 ns .. 20.216 ns u_usb_cdc.u_ctrl_endp.req_q_SB_DFFR_Q_6_D_SB_LUT4_O_I1[0]
                  lcout -> u_usb_cdc.u_ctrl_endp.class_q_SB_LUT4_I1_O_SB_LUT4_O_I1_SB_LUT4_O_I2_SB_LUT4_O_I2[1]

Total number of logic levels: 11
Total path delay: 20.80 ns (48.07 MHz)

