
icetime topological timing analysis report
==========================================

Info: max_span_hack is enabled: estimate is conservative.

Report for critical path:
-------------------------

        lc40_9_22_4 (LogicCell40) [clk] -> lcout: 0.896 ns
     0.896 ns net_34839 (u_usb_cdc.endp[3])
        t5179 (LocalMux) I -> O: 0.486 ns
        inmux_9_23_38887_38938 (InMux) I -> O: 0.382 ns
        lc40_9_23_5 (LogicCell40) in0 -> lcout: 0.662 ns
     2.426 ns net_34942 (u_usb_cdc.u_sie.out_eop_q_SB_LUT4_I1_1_O_SB_LUT4_O_I3[2])
        t5269 (LocalMux) I -> O: 0.486 ns
        inmux_9_22_38765_38785 (InMux) I -> O: 0.382 ns
        lc40_9_22_0 (LogicCell40) in0 -> lcout: 0.662 ns
     3.956 ns net_34835 (u_usb_cdc.u_sie.data_d_SB_LUT4_O_10_I0_SB_LUT4_O_1_I0_SB_LUT4_O_I1[3])
        odrv_9_22_34835_34791 (Odrv4) I -> O: 0.548 ns
        t5253 (Span4Mux_v4) I -> O: 0.548 ns
        t5252 (Span4Mux_h4) I -> O: 0.465 ns
        t5251 (LocalMux) I -> O: 0.486 ns
        inmux_6_15_26337_26366 (InMux) I -> O: 0.382 ns
        lc40_6_15_0 (LogicCell40) in0 -> lcout: 0.662 ns
     7.046 ns net_22215 (u_usb_cdc.u_sie.out_eop_q_SB_LUT4_I1_1_O_SB_LUT4_O_I3_SB_LUT4_I1_1_O[3])
        t4035 (LocalMux) I -> O: 0.486 ns
        inmux_7_15_30410_30474 (InMux) I -> O: 0.382 ns
        lc40_7_15_5 (LogicCell40) in1 -> lcout: 0.589 ns
     8.504 ns net_26297 (u_usb_cdc.u_sie.in_req_q_SB_LUT4_I3_3_O[1])
        odrv_7_15_26297_26424 (Odrv12) I -> O: 0.796 ns
        t4510 (Span12Mux_v12) I -> O: 0.796 ns
        t4509 (Sp12to4) I -> O: 0.662 ns
        t4508 (LocalMux) I -> O: 0.486 ns
        inmux_5_24_23376_23427 (InMux) I -> O: 0.382 ns
        lc40_5_24_5 (LogicCell40) in1 -> lcout: 0.589 ns
    12.215 ns net_19250 (u_usb_cdc.u_ctrl_endp.state_q_SB_DFFS_Q_D_SB_LUT4_O_I1_SB_LUT4_O_1_I3_SB_LUT4_O_I0_SB_LUT4_I3_O_SB_LUT4_I2_I3_SB_LUT4_I2_O[1])
        t3662 (LocalMux) I -> O: 0.486 ns
        inmux_4_25_19422_19480 (InMux) I -> O: 0.382 ns
        t506 (CascadeMux) I -> O: 0.000 ns
        lc40_4_25_6 (LogicCell40) in2 -> lcout: 0.558 ns
    13.641 ns net_15297 (u_usb_cdc.u_ctrl_endp.class_q_SB_LUT4_I3_I0_SB_LUT4_O_I2[0])
        t3355 (LocalMux) I -> O: 0.486 ns
        inmux_4_25_19439_19455 (InMux) I -> O: 0.382 ns
        lc40_4_25_2 (LogicCell40) in1 -> lcout: 0.589 ns
    15.099 ns net_15293 (u_usb_cdc.ctrl_stall_SB_DFFR_Q_D_SB_LUT4_O_I0[2])
        t3348 (LocalMux) I -> O: 0.486 ns
        inmux_5_25_23496_23532 (InMux) I -> O: 0.382 ns
        lc40_5_25_2 (LogicCell40) in1 -> lcout: 0.589 ns
    16.556 ns net_19370 (u_usb_cdc.u_ctrl_endp.rec_q_SB_DFFER_Q_E_SB_LUT4_O_I3[2])
        t3699 (LocalMux) I -> O: 0.486 ns
        inmux_5_25_23512_23539 (InMux) I -> O: 0.382 ns
        t651 (CascadeMux) I -> O: 0.000 ns
        lc40_5_25_3 (LogicCell40) in2 -> lcout: 0.558 ns
    17.983 ns net_19371 (u_usb_cdc.u_ctrl_endp.dev_state_q_SB_DFFES_Q_E_SB_LUT4_O_I1[2])
        odrv_5_25_19371_19153 (Odrv4) I -> O: 0.548 ns
        t3713 (LocalMux) I -> O: 0.486 ns
        inmux_4_22_19067_19080 (InMux) I -> O: 0.382 ns
        lc40_4_22_1 (LogicCell40) in1 -> lcout: 0.589 ns
    19.988 ns net_14923 (u_usb_cdc.u_ctrl_endp.req_q_SB_DFFR_Q_D_SB_LUT4_O_I0_SB_LUT4_O_I1_SB_LUT4_I1_O_SB_LUT4_O_I3_SB_LUT4_I1_O_SB_LUT4_I3_O_SB_LUT4_O_I2_SB_LUT4_I0_O)
        odrv_4_22_14923_10982 (Odrv4) I -> O: 0.548 ns
        t3109 (Span4Mux_h4) I -> O: 0.465 ns
        t3108 (Span4Mux_v4) I -> O: 0.548 ns
        t3107 (LocalMux) I -> O: 0.486 ns
        inmux_5_21_23021_23073 (CEMux) I -> O: 0.889 ns
    22.924 ns net_23073 (u_usb_cdc.u_ctrl_endp.req_q_SB_DFFR_Q_D_SB_LUT4_O_I0_SB_LUT4_O_I1_SB_LUT4_I1_O_SB_LUT4_O_I3_SB_LUT4_I1_O_SB_LUT4_I3_O_SB_LUT4_O_I2_SB_LUT4_I0_O)
        lc40_5_21_7 (LogicCell40) ce [setup]: 0.000 ns
    22.924 ns net_18883 (u_usb_cdc.u_ctrl_endp.string_index_q[5])

Resolvable net names on path:
     0.896 ns ..  1.764 ns u_usb_cdc.endp[3]
     2.426 ns ..  3.294 ns u_usb_cdc.u_sie.out_eop_q_SB_LUT4_I1_1_O_SB_LUT4_O_I3[2]
     3.956 ns ..  6.385 ns u_usb_cdc.u_sie.data_d_SB_LUT4_O_10_I0_SB_LUT4_O_1_I0_SB_LUT4_O_I1[3]
     7.046 ns ..  7.915 ns u_usb_cdc.u_sie.out_eop_q_SB_LUT4_I1_1_O_SB_LUT4_O_I3_SB_LUT4_I1_1_O[3]
     8.504 ns .. 11.626 ns u_usb_cdc.u_sie.in_req_q_SB_LUT4_I3_3_O[1]
    12.215 ns .. 13.083 ns u_usb_cdc.u_ctrl_endp.state_q_SB_DFFS_Q_D_SB_LUT4_O_I1_SB_LUT4_O_1_I3_SB_LUT4_O_I0_SB_LUT4_I3_O_SB_LUT4_I2_I3_SB_LUT4_I2_O[1]
    13.641 ns .. 14.510 ns u_usb_cdc.u_ctrl_endp.class_q_SB_LUT4_I3_I0_SB_LUT4_O_I2[0]
    15.099 ns .. 15.967 ns u_usb_cdc.ctrl_stall_SB_DFFR_Q_D_SB_LUT4_O_I0[2]
    16.556 ns .. 17.425 ns u_usb_cdc.u_ctrl_endp.rec_q_SB_DFFER_Q_E_SB_LUT4_O_I3[2]
    17.983 ns .. 19.399 ns u_usb_cdc.u_ctrl_endp.dev_state_q_SB_DFFES_Q_E_SB_LUT4_O_I1[2]
    19.988 ns .. 22.924 ns u_usb_cdc.u_ctrl_endp.req_q_SB_DFFR_Q_D_SB_LUT4_O_I0_SB_LUT4_O_I1_SB_LUT4_I1_O_SB_LUT4_O_I3_SB_LUT4_I1_O_SB_LUT4_I3_O_SB_LUT4_O_I2_SB_LUT4_I0_O
                  lcout -> u_usb_cdc.u_ctrl_endp.string_index_q[5]

Total number of logic levels: 11
Total path delay: 22.92 ns (43.62 MHz)

