
icetime topological timing analysis report
==========================================

Info: max_span_hack is enabled: estimate is conservative.

Report for critical path:
-------------------------

        lc40_9_16_3 (LogicCell40) [clk] -> lcout: 0.896 ns
     0.896 ns net_34226 (u_usb_cdc.u_ctrl_endp.max_length_q[2])
        odrv_9_16_34226_34370 (Odrv4) I -> O: 0.548 ns
        t3772 (Span4Mux_v4) I -> O: 0.548 ns
        t3771 (LocalMux) I -> O: 0.486 ns
        inmux_7_15_30435_30455 (InMux) I -> O: 0.382 ns
        lc40_7_15_2 (LogicCell40) in0 -> lcout: 0.662 ns
     3.522 ns net_26294 (u_usb_cdc.u_bulk_endp.in_valid_q_SB_LUT4_I0_O_SB_LUT4_O_1_I0_SB_LUT4_O_1_I3[2])
        t3197 (LocalMux) I -> O: 0.486 ns
        inmux_7_15_30436_30487 (InMux) I -> O: 0.382 ns
        t673 (CascadeMux) I -> O: 0.000 ns
        lc40_7_15_7 (LogicCell40) in2 -> lcout: 0.558 ns
     4.948 ns net_26299 (u_usb_cdc.u_bulk_endp.in_valid_q_SB_LUT4_I0_O_SB_LUT4_O_1_I0[1])
        t3200 (LocalMux) I -> O: 0.486 ns
        inmux_7_15_30417_30473 (InMux) I -> O: 0.382 ns
        lc40_7_15_5 (LogicCell40) in0 -> lcout: 0.662 ns
     6.478 ns net_26297 (u_usb_cdc.u_bulk_endp.in_valid_q_SB_LUT4_I0_O[0])
        odrv_7_15_26297_30395 (Odrv4) I -> O: 0.548 ns
        t3242 (Span4Mux_v4) I -> O: 0.548 ns
        t3241 (LocalMux) I -> O: 0.486 ns
        inmux_7_20_31055_31073 (InMux) I -> O: 0.382 ns
        lc40_7_20_2 (LogicCell40) in3 -> lcout: 0.465 ns
     8.907 ns net_26909 (u_usb_cdc.u_sie.out_eop_q_SB_LUT4_I1_O_SB_LUT4_O_1_I3[2])
        t3335 (LocalMux) I -> O: 0.486 ns
        inmux_7_21_31158_31194 (InMux) I -> O: 0.382 ns
        lc40_7_21_2 (LogicCell40) in1 -> lcout: 0.589 ns
    10.365 ns net_27032 (u_usb_cdc.u_sie.out_eop_q_SB_LUT4_I1_O[0])
        t3402 (LocalMux) I -> O: 0.486 ns
        inmux_7_21_31150_31205 (InMux) I -> O: 0.382 ns
        lc40_7_21_4 (LogicCell40) in0 -> lcout: 0.662 ns
    11.894 ns net_27034 (u_usb_cdc.u_bulk_endp.in_req_i_SB_LUT4_I3_I2[0])
        t3409 (LocalMux) I -> O: 0.486 ns
        inmux_7_20_31029_31096 (InMux) I -> O: 0.382 ns
        t706 (CascadeMux) I -> O: 0.000 ns
        lc40_7_20_6 (LogicCell40) in2 -> lcout: 0.558 ns
    13.321 ns net_26913 (u_usb_cdc.u_bulk_endp.in_valid_q_SB_LUT4_I0_O_SB_LUT4_I1_I2[2])
        odrv_7_20_26913_31012 (Odrv4) I -> O: 0.548 ns
        t3375 (Span4Mux_h4) I -> O: 0.465 ns
        t3374 (LocalMux) I -> O: 0.486 ns
        inmux_9_18_38268_38318 (InMux) I -> O: 0.382 ns
        lc40_9_18_4 (LogicCell40) in1 -> lcout: 0.589 ns
    15.791 ns net_34431 (u_usb_cdc.u_ctrl_endp.in_endp_q_SB_DFFER_Q_E_SB_LUT4_O_I2_SB_LUT4_O_I1_SB_LUT4_O_I3_SB_LUT4_I2_O_SB_LUT4_I0_O_SB_LUT4_I0_O[2])
        t3821 (LocalMux) I -> O: 0.486 ns
        inmux_9_17_38141_38206 (InMux) I -> O: 0.382 ns
        lc40_9_17_6 (LogicCell40) in0 -> lcout: 0.662 ns
    17.321 ns net_34331 (u_usb_cdc.u_ctrl_endp.max_length_q_SB_DFFER_Q_E)
        t3798 (LocalMux) I -> O: 0.486 ns
        inmux_10_16_42113_42143 (InMux) I -> O: 0.382 ns
        lc40_10_16_3 (LogicCell40) in1 -> lcout: 0.589 ns
    18.779 ns net_37976 (u_usb_cdc.u_ctrl_endp.max_length_q_SB_DFFER_Q_E)
        t4098 (LocalMux) I -> O: 0.486 ns
        inmux_9_16_38041_38093 (CEMux) I -> O: 0.889 ns
    20.154 ns net_38093 (u_usb_cdc.u_ctrl_endp.max_length_q_SB_DFFER_Q_E)
        lc40_9_16_6 (LogicCell40) ce [setup]: 0.000 ns
    20.154 ns net_34229 (u_usb_cdc.u_bulk_endp.in_valid_q_SB_LUT4_I0_O_SB_LUT4_O_1_I0_SB_LUT4_O_I3[1])

Resolvable net names on path:
     0.896 ns ..  2.860 ns u_usb_cdc.u_ctrl_endp.max_length_q[2]
     3.522 ns ..  4.390 ns u_usb_cdc.u_bulk_endp.in_valid_q_SB_LUT4_I0_O_SB_LUT4_O_1_I0_SB_LUT4_O_1_I3[2]
     4.948 ns ..  5.816 ns u_usb_cdc.u_bulk_endp.in_valid_q_SB_LUT4_I0_O_SB_LUT4_O_1_I0[1]
     6.478 ns ..  8.442 ns u_usb_cdc.u_bulk_endp.in_valid_q_SB_LUT4_I0_O[0]
     8.907 ns ..  9.775 ns u_usb_cdc.u_sie.out_eop_q_SB_LUT4_I1_O_SB_LUT4_O_1_I3[2]
    10.365 ns .. 11.233 ns u_usb_cdc.u_sie.out_eop_q_SB_LUT4_I1_O[0]
    11.894 ns .. 12.763 ns u_usb_cdc.u_bulk_endp.in_req_i_SB_LUT4_I3_I2[0]
    13.321 ns .. 15.202 ns u_usb_cdc.u_bulk_endp.in_valid_q_SB_LUT4_I0_O_SB_LUT4_I1_I2[2]
    15.791 ns .. 16.660 ns u_usb_cdc.u_ctrl_endp.in_endp_q_SB_DFFER_Q_E_SB_LUT4_O_I2_SB_LUT4_O_I1_SB_LUT4_O_I3_SB_LUT4_I2_O_SB_LUT4_I0_O_SB_LUT4_I0_O[2]
    17.321 ns .. 20.154 ns u_usb_cdc.u_ctrl_endp.max_length_q_SB_DFFER_Q_E
                  lcout -> u_usb_cdc.u_bulk_endp.in_valid_q_SB_LUT4_I0_O_SB_LUT4_O_1_I0_SB_LUT4_O_I3[1]

Total number of logic levels: 11
Total path delay: 20.15 ns (49.62 MHz)

