* ******************************************************************************

* iCEcube Report

* Version:            2020.12.27943

* Build Date:         Dec 10 2020 17:24:17

* File Generated:     Feb 17 2024 15:37:59

* Purpose:            General info of design implementation

* Copyright (C) 2006-2010 by Lattice Semiconductor Corp. All rights reserved.

* ******************************************************************************

Synthesis/Placement Summary:
----------------------------
    Status:  Successful
    Runtime: 2 seconds

Device Info:
------------
    Device Family: iCE40
    Device:        iCE40LP8K
    Package:       CM81

Design statistics:
------------------
    FFs:                  424
    LUTs:                 1152
    RAMs:                 0
    IOBs:                 5
    GBs:                  4
    PLLs:                 1
    Warm Boots:           0

Logic Resource Utilization:
---------------------------
    Total Logic Cells: 1158/7680
        Combinational Logic Cells: 734      out of   7680      9.55729%
        Sequential Logic Cells:    424      out of   7680      5.52083%
        Logic Tiles:               212      out of   960       22.0833%
    Registers: 
        Logic Registers:           424      out of   7680      5.52083%
        IO Registers:              0        out of   1280      0
    Block RAMs:                    0        out of   32        0%
    Warm Boots:                    0        out of   1         0%
    Pins:
        Input Pins:                1        out of   63        1.5873%
        Output Pins:               2        out of   63        3.1746%
        InOut Pins:                2        out of   63        3.1746%
    Global Buffers:                4        out of   8         50%
    PLLs:                          1        out of   1         100%

IO Bank Utilization:
--------------------
    Bank 3: 1        out of   18        5.55556%
    Bank 1: 0        out of   15        0%
    Bank 0: 4        out of   17        23.5294%
    Bank 2: 0        out of   13        0%

Detailed I/O Info:
------------------
    Input Pins: 
    Pin Number  Direction  IO Standard  Pull Up  IO Bank  IO Function                                Signal Name
    ----------  ---------  -----------  -------  -------  -----------                                -----------
    B2          Input      SB_LVCMOS    No       3        Simple Input                               clk     

    Output Pins: 
    Pin Number  Direction  IO Standard  Pull Up  IO Bank  IO Function                                Signal Name
    ----------  ---------  -----------  -------  -------  -----------                                -----------
    A3          Output     SB_LVCMOS    No       0        Output Tristatable by Enable               usb_pu  
    B3          Output     SB_LVCMOS    No       0        Simple Output                              led     

    Inoutput Pins: 
    Pin Number  Direction  IO Standard  Pull Up  IO Bank  IO Function                                Signal Name
    ----------  ---------  -----------  -------  -------  -----------                                -----------
    A4          InOut      SB_LVCMOS    No       0        Simple Input Output Tristatable by Enable  usb_n   
    B4          InOut      SB_LVCMOS    No       0        Simple Input Output Tristatable by Enable  usb_p   

Detailed Global Buffer Info:
----------------------------
    Buffer Number  IO Bank  Driven By  Fanout  Signal Name                
    -------------  -------  ---------  ------  -----------                
    3              3                   38      u_usb_cdc.u_sie.N_588_0_g  
    2              1                   350     u_usb_cdc.rstn_i_g         
    4              0                   72      u_usb_cdc.rstn_sq_i_g_0    
    1              0                   102     u_usb_cdc.clk_gate_g       


Router Summary:
---------------
    Status:  Successful
    Runtime: 15 seconds

Routing Resource Utilization:
-----------------------------
              Local line of tile     7936 out of 146184      5.42877%
                          Span 4     2015 out of  29696      6.78543%
                         Span 12      262 out of   5632      4.65199%
                  Global network        5 out of      8      62.5%
      Vertical Inter-LUT Connect      303 out of   6720      4.50893%

